// Jest Snapshot v1, https://goo.gl/fbAQLP

exports[`ReservationDetail should render correctly 1`] = `""`;
